// Jest Snapshot v1, https://goo.gl/fbAQLP

exports[`<Footer /> Tests should render correctly 1`] = `
<div
  className="root"
>
  <div
    className="container"
  >
    <div
      className="footerLeftContainer"
    >
      Cicero Viana
    </div>
    <div
      className="footerRightContainer"
    >
      github.com/cicerohen
    </div>
  </div>
</div>
`;
